[world5.commonsupport.com/html/greenture-new/index.html]
[backblue.gif]
[fade.gif]
[index.html]
[world5.commonsupport.com/html/greenture-new/css/bootstrap.css]
[world5.commonsupport.com/html/greenture-new/css/revolution-slider.css]
[world5.commonsupport.com/html/greenture-new/css/style.css]
[world5.commonsupport.com/html/greenture-new/css/responsive.css]
[world5.commonsupport.com/html/greenture-new/index-2.html]
[world5.commonsupport.com/html/greenture-new/images/logo-1.png]
[world5.commonsupport.com/html/greenture-new/index-3.html]
[world5.commonsupport.com/html/greenture-new/about.html]
[world5.commonsupport.com/html/greenture-new/services.html]
[world5.commonsupport.com/html/greenture-new/projects.html]
[world5.commonsupport.com/html/greenture-new/projects-two-column.html]
[world5.commonsupport.com/html/greenture-new/project-single.html]
[world5.commonsupport.com/html/greenture-new/events-list.html]
[world5.commonsupport.com/html/greenture-new/events-grid.html]
[world5.commonsupport.com/html/greenture-new/event-single.html]
[world5.commonsupport.com/html/greenture-new/team.html]
[world5.commonsupport.com/html/greenture-new/team-single.html]
[world5.commonsupport.com/html/greenture-new/faqs.html]
[world5.commonsupport.com/html/greenture-new/error.html]
[world5.commonsupport.com/html/greenture-new/blog.html]
[world5.commonsupport.com/html/greenture-new/blog-three-column.html]
[world5.commonsupport.com/html/greenture-new/blog-single.html]
[world5.commonsupport.com/html/greenture-new/gallery-masonry.html]
[world5.commonsupport.com/html/greenture-new/gallery-three-column.html]
[world5.commonsupport.com/html/greenture-new/contact.html]
[world5.commonsupport.com/html/greenture-new/images/main-slider/1.jpg]
[world5.commonsupport.com/html/greenture-new/images/main-slider/2.jpg]
[world5.commonsupport.com/html/greenture-new/images/resource/fluid-image-1.jpg]
[world5.commonsupport.com/html/greenture-new/images/resource/fluid-image-2.jpg]
[world5.commonsupport.com/html/greenture-new/images/resource/featured-image-1.jpg]
[world5.commonsupport.com/html/greenture-new/images/resource/featured-image-2.jpg]
[world5.commonsupport.com/html/greenture-new/images/resource/featured-image-3.jpg]
[world5.commonsupport.com/html/greenture-new/images/resource/featured-image-4.jpg]
[world5.commonsupport.com/html/greenture-new/images/resource/fluid-image-3.jpg]
[world5.commonsupport.com/html/greenture-new/images/resource/fluid-image-4.jpg]
[world5.commonsupport.com/html/greenture-new/images/resource/ceo-thumb.jpg]
[world5.commonsupport.com/html/greenture-new/images/resource/signature-image-1.png]
[world5.commonsupport.com/html/greenture-new/images/resource/featured-image-5.jpg]
[world5.commonsupport.com/html/greenture-new/images/resource/featured-image-6.jpg]
[world5.commonsupport.com/html/greenture-new/images/resource/post-thumb-1.jpg]
[world5.commonsupport.com/html/greenture-new/images/resource/post-thumb-2.jpg]
[world5.commonsupport.com/html/greenture-new/images/resource/post-thumb-3.jpg]
[world5.commonsupport.com/html/greenture-new/images/background/testimonials-bg.jpg]
[world5.commonsupport.com/html/greenture-new/images/resource/testi-image-1.jpg]
[world5.commonsupport.com/html/greenture-new/images/resource/testi-image-2.jpg]
[world5.commonsupport.com/html/greenture-new/images/resource/testi-image-3.jpg]
[world5.commonsupport.com/html/greenture-new/images/resource/blog-image-1.jpg]
[world5.commonsupport.com/html/greenture-new/images/resource/blog-image-2.jpg]
[world5.commonsupport.com/html/greenture-new/images/resource/blog-image-3.jpg]
[world5.commonsupport.com/html/greenture-new/images/clients/1.jpg]
[world5.commonsupport.com/html/greenture-new/images/clients/2.jpg]
[world5.commonsupport.com/html/greenture-new/images/clients/3.jpg]
[world5.commonsupport.com/html/greenture-new/images/clients/4.jpg]
[world5.commonsupport.com/html/greenture-new/images/parallax/image-1.jpg]
[world5.commonsupport.com/html/greenture-new/images/background/footer-bg.jpg]
[world5.commonsupport.com/html/greenture-new/images/logo-2.png]
[world5.commonsupport.com/html/greenture-new/images/resource/post-thumb-4.jpg]
[world5.commonsupport.com/html/greenture-new/images/resource/post-thumb-5.jpg]
[world5.commonsupport.com/html/greenture-new/images/resource/payment-logos.png]
[world5.commonsupport.com/html/greenture-new/js/jquery.js]
[world5.commonsupport.com/html/greenture-new/js/bootstrap.min.js]
[world5.commonsupport.com/html/greenture-new/js/revolution.min.js]
[world5.commonsupport.com/html/greenture-new/js/jquery.fancybox.pack.js]
[world5.commonsupport.com/html/greenture-new/js/jquery.fancybox-media.js]
[world5.commonsupport.com/html/greenture-new/js/owl.js]
[world5.commonsupport.com/html/greenture-new/js/wow.js]
[world5.commonsupport.com/html/greenture-new/js/script.js]
[world5.commonsupport.com/html/greenture-new/index.html]
[world5.commonsupport.com/html/greenture-new/fonts/glyphicons-halflings-regular.eot]
[world5.commonsupport.com/html/greenture-new/fonts/glyphicons-halflings-regulard41d.eot]
[world5.commonsupport.com/html/greenture-new/fonts/glyphicons-halflings-regular.woff2]
[world5.commonsupport.com/html/greenture-new/fonts/glyphicons-halflings-regular.woff]
[world5.commonsupport.com/html/greenture-new/fonts/glyphicons-halflings-regular.svg]
[world5.commonsupport.com/html/greenture-new/css/bootstrap.css]
[world5.commonsupport.com/html/greenture-new/fonts/glyphicons-halflings-regular.ttf]
[world5.commonsupport.com/html/greenture-new/css/assets/shadow1.png]
[world5.commonsupport.com/html/greenture-new/css/assets/shadow2.png]
[world5.commonsupport.com/html/greenture-new/css/assets/shadow3.png]
[world5.commonsupport.com/html/greenture-new/css/assets/gridtile.png]
[world5.commonsupport.com/html/greenture-new/css/assets/gridtile_white.png]
[world5.commonsupport.com/html/greenture-new/css/assets/gridtile_3x3.png]
[world5.commonsupport.com/html/greenture-new/css/assets/gridtile_3x3_white.png]
[world5.commonsupport.com/html/greenture-new/css/assets/boxed_bgtile.png]
[world5.commonsupport.com/html/greenture-new/css/assets/navigdots_bgtile.png]
[world5.commonsupport.com/html/greenture-new/css/assets/bullet.png]
[world5.commonsupport.com/html/greenture-new/css/assets/bullets.png]
[world5.commonsupport.com/html/greenture-new/css/assets/bullets2.png]
[world5.commonsupport.com/html/greenture-new/css/assets/bullet_boxed.png]
[world5.commonsupport.com/html/greenture-new/css/assets/navigdots.png]
[world5.commonsupport.com/html/greenture-new/css/assets/large_left.png]
[world5.commonsupport.com/html/greenture-new/css/assets/large_right.png]
[world5.commonsupport.com/html/greenture-new/css/assets/small_left.png]
[world5.commonsupport.com/html/greenture-new/css/assets/small_right.png]
[world5.commonsupport.com/html/greenture-new/css/assets/arrow_left.png]
[world5.commonsupport.com/html/greenture-new/css/assets/arrow_right.png]
[world5.commonsupport.com/html/greenture-new/css/assets/small_left_boxed.png]
[world5.commonsupport.com/html/greenture-new/css/assets/small_right_boxed.png]
[world5.commonsupport.com/html/greenture-new/css/assets/arrowleft.png]
[world5.commonsupport.com/html/greenture-new/css/assets/arrowright.png]
[world5.commonsupport.com/html/greenture-new/css/assets/arrow_left2.png]
[world5.commonsupport.com/html/greenture-new/css/assets/arrow_right2.png]
[world5.commonsupport.com/html/greenture-new/css/assets/timer.png]
[world5.commonsupport.com/html/greenture-new/css/assets/coloredbg.png]
[world5.commonsupport.com/html/greenture-new/css/assets/loader.gif]
[world5.commonsupport.com/html/greenture-new/fonts/revicons90c690c6.woff]
[world5.commonsupport.com/html/greenture-new/fonts/revicons90c690c6.eot]
[world5.commonsupport.com/html/greenture-new/fonts/revicons90c690c6.svg]
[world5.commonsupport.com/html/greenture-new/fonts/revicons90c690c6.ttf]
[world5.commonsupport.com/html/greenture-new/css/revolution-slider.css]
[world5.commonsupport.com/html/greenture-new/css/font-awesome.css]
[world5.commonsupport.com/html/greenture-new/css/flaticon.css]
[world5.commonsupport.com/html/greenture-new/css/animate.css]
[world5.commonsupport.com/html/greenture-new/css/owl.css]
[world5.commonsupport.com/html/greenture-new/css/jquery.fancybox.css]
[world5.commonsupport.com/html/greenture-new/css/hover.css]
[world5.commonsupport.com/html/greenture-new/images/icons/preloader.gif]
[world5.commonsupport.com/html/greenture-new/images/icons/submenu-icon.png]
[world5.commonsupport.com/html/greenture-new/images/background/map-pattern.png]
[world5.commonsupport.com/html/greenture-new/css/style.css]
[world5.commonsupport.com/html/greenture-new/css/responsive.css]
[world5.commonsupport.com/html/greenture-new/index-2.html]
[world5.commonsupport.com/html/greenture-new/images/logo-3.png]
[world5.commonsupport.com/html/greenture-new/images/resource/featured-image-7.jpg]
[world5.commonsupport.com/html/greenture-new/images/resource/featured-image-8.jpg]
[world5.commonsupport.com/html/greenture-new/images/resource/featured-image-9.jpg]
[world5.commonsupport.com/html/greenture-new/images/resource/featured-image-10.jpg]
[world5.commonsupport.com/html/greenture-new/images/resource/video-image-1.jpg]
[world5.commonsupport.com/html/greenture-new/images/background/bg-pattern.png]
[world5.commonsupport.com/html/greenture-new/images/resource/blog-image-4.jpg]
[world5.commonsupport.com/html/greenture-new/images/resource/blog-image-5.jpg]
[world5.commonsupport.com/html/greenture-new/images/resource/blog-image-6.jpg]
[world5.commonsupport.com/html/greenture-new/index-3.html]
[world5.commonsupport.com/html/greenture-new/images/background/page-title-bg.jpg]
[world5.commonsupport.com/html/greenture-new/images/resource/team-image-1.jpg]
[world5.commonsupport.com/html/greenture-new/images/resource/team-image-2.jpg]
[world5.commonsupport.com/html/greenture-new/images/resource/team-image-3.jpg]
[world5.commonsupport.com/html/greenture-new/images/resource/team-image-4.jpg]
[world5.commonsupport.com/html/greenture-new/about.html]
[world5.commonsupport.com/html/greenture-new/services.html]
[world5.commonsupport.com/html/greenture-new/images/resource/featured-image-11.jpg]
[world5.commonsupport.com/html/greenture-new/images/resource/featured-image-12.jpg]
[world5.commonsupport.com/html/greenture-new/images/resource/featured-image-13.jpg]
[world5.commonsupport.com/html/greenture-new/images/resource/featured-image-14.jpg]
[world5.commonsupport.com/html/greenture-new/images/resource/featured-image-15.jpg]
[world5.commonsupport.com/html/greenture-new/images/resource/featured-image-16.jpg]
[world5.commonsupport.com/html/greenture-new/projects.html]
[world5.commonsupport.com/html/greenture-new/images/resource/post-thumb-6.jpg]
[world5.commonsupport.com/html/greenture-new/images/resource/post-thumb-7.jpg]
[world5.commonsupport.com/html/greenture-new/images/resource/post-thumb-8.jpg]
[world5.commonsupport.com/html/greenture-new/projects-two-column.html]
[world5.commonsupport.com/html/greenture-new/images/resource/featured-image-17.jpg]
[world5.commonsupport.com/html/greenture-new/project-single.html]
[code.jquery.com/ui/1.11.4/themes/smoothness/jquery-ui.css]
[world5.commonsupport.com/html/greenture-new/images/resource/featured-image-19.jpg]
[world5.commonsupport.com/html/greenture-new/images/resource/featured-image-20.jpg]
[world5.commonsupport.com/html/greenture-new/images/resource/featured-image-21.jpg]
[world5.commonsupport.com/html/greenture-new/images/resource/featured-image-22.jpg]
[world5.commonsupport.com/html/greenture-new/images/resource/featured-image-23.jpg]
[world5.commonsupport.com/html/greenture-new/events-list.html]
[world5.commonsupport.com/html/greenture-new/images/resource/featured-image-24.jpg]
[world5.commonsupport.com/html/greenture-new/images/resource/featured-image-25.jpg]
[code.jquery.com/jquery-1.10.2.js]
[world5.commonsupport.com/html/greenture-new/images/resource/featured-image-26.jpg]
[world5.commonsupport.com/html/greenture-new/images/resource/featured-image-27.jpg]
[world5.commonsupport.com/html/greenture-new/images/resource/featured-image-28.jpg]
[world5.commonsupport.com/html/greenture-new/images/resource/featured-image-29.jpg]
[code.jquery.com/ui/1.11.4/jquery-ui.js]
[world5.commonsupport.com/html/greenture-new/images/resource/featured-image-30.jpg]
[world5.commonsupport.com/html/greenture-new/images/resource/featured-image-31.jpg]
[world5.commonsupport.com/html/greenture-new/images/resource/featured-image-32.jpg]
[world5.commonsupport.com/html/greenture-new/events-grid.html]
[world5.commonsupport.com/html/greenture-new/images/resource/featured-image-33.jpg]
[world5.commonsupport.com/html/greenture-new/js/map-script.js]
[world5.commonsupport.com/html/greenture-new/event-single.html]
[world5.commonsupport.com/html/greenture-new/team.html]
[world5.commonsupport.com/html/greenture-new/images/resource/team-image-5.jpg]
[world5.commonsupport.com/html/greenture-new/team-single.html]
[world5.commonsupport.com/html/greenture-new/faqs.html]
[world5.commonsupport.com/html/greenture-new/images/resource/error-image.png]
[world5.commonsupport.com/html/greenture-new/error.html]
[world5.commonsupport.com/html/greenture-new/images/resource/blog-image-7.jpg]
[world5.commonsupport.com/html/greenture-new/images/resource/blog-image-8.jpg]
[world5.commonsupport.com/html/greenture-new/images/resource/blog-image-9.jpg]
[world5.commonsupport.com/html/greenture-new/images/resource/blog-image-10.jpg]
[world5.commonsupport.com/html/greenture-new/blog.html]
[world5.commonsupport.com/html/greenture-new/images/resource/blog-image-11.jpg]
[world5.commonsupport.com/html/greenture-new/images/resource/blog-image-12.jpg]
[world5.commonsupport.com/html/greenture-new/images/resource/blog-image-13.jpg]
[world5.commonsupport.com/html/greenture-new/blog-three-column.html]
[world5.commonsupport.com/html/greenture-new/images/resource/featured-image-18.jpg]
[world5.commonsupport.com/html/greenture-new/images/resource/author-thumb-1.jpg]
[world5.commonsupport.com/html/greenture-new/images/resource/author-thumb-2.jpg]
[world5.commonsupport.com/html/greenture-new/images/resource/author-thumb-3.jpg]
[world5.commonsupport.com/html/greenture-new/blog-single.html]
[world5.commonsupport.com/html/greenture-new/images/gallery/image-7.jpg]
[world5.commonsupport.com/html/greenture-new/images/gallery/image-8.jpg]
[world5.commonsupport.com/html/greenture-new/images/gallery/image-12.jpg]
[world5.commonsupport.com/html/greenture-new/images/gallery/image-9.jpg]
[world5.commonsupport.com/html/greenture-new/images/gallery/image-4.jpg]
[world5.commonsupport.com/html/greenture-new/images/gallery/image-11.jpg]
[world5.commonsupport.com/html/greenture-new/images/gallery/image-13.jpg]
[world5.commonsupport.com/html/greenture-new/images/gallery/image-10.jpg]
[world5.commonsupport.com/html/greenture-new/js/mixitup.js]
[world5.commonsupport.com/html/greenture-new/gallery-masonry.html]
[world5.commonsupport.com/html/greenture-new/images/gallery/image-1.jpg]
[world5.commonsupport.com/html/greenture-new/js/isotope.js]
[world5.commonsupport.com/html/greenture-new/images/gallery/image-2.jpg]
[world5.commonsupport.com/html/greenture-new/images/gallery/image-3.jpg]
[world5.commonsupport.com/html/greenture-new/images/gallery/image-5.jpg]
[world5.commonsupport.com/html/greenture-new/images/gallery/image-6.jpg]
[world5.commonsupport.com/html/greenture-new/gallery-three-column.html]
[world5.commonsupport.com/html/greenture-new/images/resource/featured-image-34.jpg]
[world5.commonsupport.com/html/greenture-new/js/validate.js]
[world5.commonsupport.com/html/greenture-new/contact.html]
[world5.commonsupport.com/html/greenture-new/fonts/glyphicons-halflings-regular.svg]
[world5.commonsupport.com/html/greenture-new/images/gradient/g30.html]
[world5.commonsupport.com/html/greenture-new/images/gradient/g40.html]
[world5.commonsupport.com/html/greenture-new/fonts/revicons90c690c6.svg]
[world5.commonsupport.com/revolution.themepunch.com/wp-content/uploads/2014/05/wave21.html]
[sliderrevolution.com/index2840.html]
[world5.commonsupport.com/html/greenture-new/fonts/fontawesome-webfonte0a5.woff2]
[world5.commonsupport.com/html/greenture-new/fonts/fontawesome-webfonte0a5.woff]
[world5.commonsupport.com/html/greenture-new/fonts/fontawesome-webfonte0a5.eot]
[world5.commonsupport.com/html/greenture-new/fonts/fontawesome-webfontd41d.eot]
[world5.commonsupport.com/html/greenture-new/css/font-awesome.css]
[world5.commonsupport.com/html/greenture-new/fonts/fontawesome-webfonte0a5.svg]
[world5.commonsupport.com/html/greenture-new/fonts/flaticon.woff]
[world5.commonsupport.com/html/greenture-new/fonts/flaticon.eot]
[world5.commonsupport.com/html/greenture-new/fonts/flaticon.svg]
[world5.commonsupport.com/html/greenture-new/css/flaticon.css]
[world5.commonsupport.com/html/greenture-new/css/animate.css]
[world5.commonsupport.com/html/greenture-new/css/owl.css]
[world5.commonsupport.com/html/greenture-new/images/fancybox/fancybox_sprite.png]
[world5.commonsupport.com/html/greenture-new/fonts/flaticon.ttf]
[world5.commonsupport.com/html/greenture-new/images/fancybox/fancybox_loading.gif]
[world5.commonsupport.com/html/greenture-new/images/fancybox/blank.gif]
[world5.commonsupport.com/html/greenture-new/images/fancybox/fancybox_overlay.png]
[world5.commonsupport.com/html/greenture-new/images/fancybox/fancybox_sprite@2x.png]
[world5.commonsupport.com/html/greenture-new/fonts/fontawesome-webfonte0a5.ttf]
[world5.commonsupport.com/html/greenture-new/images/fancybox/fancybox_loading@2x.gif]
[world5.commonsupport.com/html/greenture-new/css/jquery.fancybox.css]
[world5.commonsupport.com/html/greenture-new/css/hover.css]
[code.jquery.com/ui/1.11.4/themes/smoothness/images/ui-bg_flat_75_ffffff_40x100.png]
[world5.commonsupport.com/html/greenture-new/fonts/flaticond41d.eot]
[code.jquery.com/ui/1.11.4/themes/smoothness/images/ui-bg_highlight-soft_75_cccccc_1x100.png]
[code.jquery.com/ui/1.11.4/themes/smoothness/images/ui-bg_glass_75_e6e6e6_1x400.png]
[code.jquery.com/ui/1.11.4/themes/smoothness/images/ui-bg_glass_75_dadada_1x400.png]
[code.jquery.com/ui/1.11.4/themes/smoothness/images/ui-bg_glass_65_ffffff_1x400.png]
[code.jquery.com/ui/1.11.4/themes/smoothness/images/ui-bg_glass_55_fbf9ee_1x400.png]
[code.jquery.com/ui/1.11.4/themes/smoothness/images/ui-bg_glass_95_fef1ec_1x400.png]
[code.jquery.com/ui/1.11.4/themes/smoothness/images/ui-icons_222222_256x240.png]
[code.jquery.com/ui/1.11.4/themes/smoothness/images/ui-icons_888888_256x240.png]
[code.jquery.com/ui/1.11.4/themes/smoothness/images/ui-icons_454545_256x240.png]
[code.jquery.com/ui/1.11.4/themes/smoothness/images/ui-icons_2e83ff_256x240.png]
[code.jquery.com/ui/1.11.4/themes/smoothness/images/ui-icons_cd0a0a_256x240.png]
[code.jquery.com/ui/1.11.4/themes/smoothness/images/ui-bg_flat_0_aaaaaa_40x100.png]
[code.jquery.com/ui/1.11.4/themes/smoothness/jquery-ui.css]
[world5.commonsupport.com/html/greenture-new/fonts/fontawesome-webfonte0a5.svg]
[world5.commonsupport.com/html/greenture-new/fonts/flaticon.svg]
[world5.commonsupport.com/html/greenture-new/css/owl.video.play.html]
